muse: workspace root: /mnt/c/Users/MDP/dev/llmzip-work/audit_hard_r2/meta (cwd default)
muse: workspace trust: trusted source=run-flag
# META AUDIT — Round 2: Audit the Auditors

[LOCAL EXPLORATORY PILOT] [NOT PREREGISTERED] [NOT FOR CITATION] [DISCLOSE-BEFORE-USE]

## 1. VERDICT (3 lines)

Round 1's numbers reproduce: every numeric anchor I re-checked (T1 bit-identity, T2 164256 rows + funnel asymmetry, T3 schema/gate values, manifest gap 0/756, git refs) confirms the auditors' factual claims.
Round 1's false-positive rate is low (~1/25 in stated universal form, plus 3 language overreaches); the coordinator was right in every rejection/narrowing I tested.
No CRITICAL published-number error was found by round 1 or by me; the two strongest round-1 misses I confirm as real are T2's undisclosed top-50-vs-full-corpus funnel and the C1 gate implementation omitting CI + guardrail + both-benchmarks structure (outcome-robust FAILs, but the code cannot PASS as written).

## 2. Findings table

ID | severity | claim audited | what I did | result
---|---|---|---|---
M-01 | HIGH (auditor overreach, not published-number error) | Repro: "package alone reproduces nothing — all scripts hard-code absolute paths outside the package" | Compared package vs raw bytes; listed package inputs; grep'd hardcoded W paths | OVERREACH in universal form: T1 inputs ARE in-package byte-identical; T2/T3 inputs truly absent. Coordinator narrowing CORRECT
M-02 | MED | Repro/claims/integrity/numbers: sigma-division cannot explain sym decline | Read t3_perltqa_kltn.py:60-68, t3_ladder.py:186-188, DECISION_TESTS.md:168; verified sign scale-invariance logic | TRUE. All four workers agree; coordinator agrees. No FP
M-03 | MED | Repro: T2 top-50 funnel vs full-corpus BM25 undisclosed in DECISION_TESTS.md | Read CSV columns + actual_candidates distribution; grep DECISION_TESTS.md for candidat/depth/pool/recall (0 hits) | TRUE. New vs known-issues list. Coordinator accepts
M-04 | MED | Numbers: coordinator/t3_perltqa_kltn.py cannot have produced T3_PERLTQA_KLTN.json (interface + 4 schema points) | Read t3_perltqa_kltn.py:90-110,149-172; step2_build.py:25-66; t3_ladder.py:141-235; published JSON keys | TRUE technically; coordinator narrowing CORRECT that actual producer ablation_r2/perltqa/t3_ladder.py exists and is named in DECISION_TESTS.md:11
M-05 | MED | Integrity: manifest covers 0/756 decision files; 30/30 sample + 14/14 blob identity | Recomputed manifest counts; independent 15-file rehash (seed 999); checked mtimes | TRUE. Independent sample 15/15 match. Scope disclosure adequate
M-06 | MED | Integrity: LADDER_REALTALK.md stale (rank overflow live, zero retraction pointers, dims-as-bytes) | Grep retract/correct/superseded (0 hits except "wrong design"); read LADDER_REALTALK.md:1-55; checked REPORT.md:304 | TRUE
M-07 | MED | Integrity/coordinator: gates+results share commit 8bcdef5 → prespecification UNVERIFIABLE; mtimes prove nothing | Verified git log (REFEREE.md + decision_tests.py one commit each: 8bcdef5); checked mtimes | TRUE. Both worker and coordinator state this correctly
M-08 | MED | Repro: C1 implementation point-only (>=2.0) vs prespecified CI-excluding-0 | Read decision_tests.py:190-197; REFEREE.md:76-77,178 | TRUE. EXTENDED by me: also omits Hit@10 guardrail (REFEREE.md:76-77) and both-benchmarks structure (T1 loads RealTalk only) — round 1 noted only CI
M-09 | LOW-MED | Claims C1: ITQ -2.27 exact over 10 rotations; PerLTQA -0.13 null | Read au_c1_itq.py (stable sort, single ITQ init seed 20260916, 7 fresh RAND); checked code disclosure vs report "TO 0.00pp" + "pre-registered-fresh" | TRUE direction; OVERREACH on exactness language (alternate tie-break) and "pre-registered" (no prereg exists). Consolidated correction CORRECT
M-10 | LOW-MED | Claims C6/repro: frozen_idfonly 65.67 best-of-4 on seen gold; genuine BM25 61.70 still wins; ~4pp setting gap | Verified T1 JSON values; read au_c6_bm25.py (stable sort → 65.53 vs 65.67, 0.14 tie-break); verified per-arch scatter claim structure | TRUE substance; coordinator narrowing CORRECT that 3.97pp is observed setting difference, NOT estimated selection-bias magnitude
M-11 | LOW-MED | Integrity-worker OK on "BM25 needs raw text"; NOT DONE on universal -10.35; broad rerank/novelty acceptance | Read FINAL_STATE.md:117-118 + §reopen; DECISION_TESTS.md:116-117; CSV funnel; lit_r2 scope | Coordinator's four rejections all CORRECT; worker over-permissive on all four
M-12 | LOW | Claims C2: r=-0.80/-0.91 vs claimed -0.78; Spearman/LOO/drop-3; FR@3 weakening; small/large split residual | Recomputed Pearson qscale -0.8013/sym -0.9131; grep'd REPORT.md + math_r1 for -0.78 source (NO HIT) | TRUE computations; PROVENANCE GAP (new): -0.78 source not located in package REPORT/math — UNVERIFIED origin, auditor should have cited exact source
M-13 | LOW | Claims C5: ~10pp gap exact vs naive float (9.93/11.35/10.50), reversed vs float_std 48.51 | Verified LADDER.json arithmetic gaps; REPORT.md:25-29 prints 48.51 vs 46.68 | TRUE. Minor protocol-mixing (46.52 vs 46.68 vs 46.81 across LADDER/REPORT/own-rerun = 0.16-0.29pp tie-break noise); consolidated warning CORRECT
M-14 | LOW | Claims C3/C4: MED perfects balance no gain; qscale collapse +1.33/-3.60 with RealTalk control; asym-T3-only | Read au_c3_balance.py, au_c4_sigma.py (pure-JSON); verified T3 deltas from JSON | TRUE. Caveats self-disclosed (MED changes query threshold; asym-local). No FP
M-15 | LOW | Numbers: T1 4 variants EXACT, gap -10.3546, n=705; T2 contrasts/CIs/inversions; ladder 18 cells; T3 9 arms | Recomputed T1 bit-identity (max diff 1.4e-14); verified n=705 per-arch; T2 rows 164256; T3 JSON arms/deltas/gate | TRUE. Sample limits (ladder 2/10 fresh SVD; T2 CIs Monte-Carlo noise) disclosed. No FP
M-16 | INFO | Repro: 38/38 seal controls; T1 20/20; T3 2-arch direction; LoCoMo 1531/1535 disclosure | Checked iso_t1/iso_t3 outputs exist; verified T3 provenance sha/schema match to t3_ladder | TRUE as far as checked; seal area unrelated, not independently re-executed (stated)

False-positive rate: of ~25 specific falsifiable round-1 findings, 1 fails in stated universal form (M-01), 3 have language overreach requiring narrowing (M-09 exactness/prereg, M-10 bias-magnitude wording, M-13 protocol mixing). All others hold. FP rate ≈ 4% strict (1/25), ≈ 16% including overreaches (4/25). No auditor fabricated a number, path, or result.

## 3. Per-finding detail (paths, lines, commands)

### M-01 — Package portability overreach (coordinator right)

- Repro claim: HARD_AUDIT_REPRO.md:109-112 "package alone reproduces nothing — all scripts hard-code absolute machine paths outside the package."
- Coordinator counter: REPRO_COORDINATOR_REVIEW.md:10-11 "Package contains data/RT01.json and audit/audit_baseline_lib.py ... conflates hard-coded destinations with absent equivalents. T1 can plausibly be made portable by path repair."
- My checks (read-only):
  - `python3 -c` byte compare: `data/RT01.json` package vs `top10_comparison_r1/data/RT01.json` → **byte-identical** (len 136405). `audit/audit_baseline_lib.py` package vs raw → **identical**.
  - Hardcoded paths confirmed: `coordinator/decision_tests.py:34-42` (W=/mnt/c/...; RERANK_CSV, PERLTQA_CACHE, STEP2 outside package), `coordinator/ladder.py:40-45` (FROZEN/LIB/RT/CACHE outside), `ablation_r2/perltqa/t3_ladder.py:235` writes absolute raw-dir path. So path repair IS required.
  - Absent inputs confirmed: `bench3/`, `drive/`, `model/` do not exist in package; `find incoming_20260916b -name *.csv` → (none). So T2 CSV + T3 caches truly missing.
- Verdict: **OVERREACH in universal form**. Correct statement: "No script runs unmodified from the package (absolute W paths + overwrite risks); T1 inputs are vendored byte-identical so a 2-line W redirect suffices; T2/T3 inputs are absent so only T1 is path-repairable." Coordinator narrowing CORRECT. Severity HIGH only as auditor-accuracy issue; it does not change any STOP number.

### M-02 — sym/sigma (all workers correct)

- Code: `_wt_top10/.../coordinator/t3_perltqa_kltn.py:64-68` sym=QB@B.T (no sigma), qscale=(QC/sigma)@B.T floor 1e-12, asym=QC@B.T. `_wt_top10/.../ablation_r2/perltqa/t3_ladder.py:186-188` same (Dpm@QB.T / Dpm@(QC/sigma).T / Dpm@QC.T).
- Data: T3_PERLTQA_KLTN.json delta_192_384 fr3 sym -5.17336, qscale -3.59829, asym +0.30096 (verified by JSON read). sym falls hardest with no division.
- All four workers state this; both coordinator reviews + consolidation agree. TRUE, no FP. Sign scale-invariance argument is sound.

### M-03 — T2 funnel (repro true; missed by other workers; new)

- CSV: `incoming_20260916b/.../text_rerank_per_query.csv` columns include `actual_candidates`. Distributions: BM25_full = full corpus (nuniq 159, max 689); qscale96_bm25/hamming96_bm25/float_raw32_bm25 = 50 (nuniq 1).
- DECISION_TESTS.md grep `candidat|depth|top-50|pool|recall` → 0 hits. decision_tests.py t2() (lines 57-99) never references candidate depth.
- Numbers T2 recompute is arithmetically correct but inherits the undisclosed asymmetry; integrity worker §6.3 acceptance is over-permissive — coordinator + consolidation correctly flag recall@50 gating. TRUE finding.

### M-04 — T3 producer mismatch (numbers technically true; coordinator narrowing correct)

- Interface: `bench3/runs/b3b_perltqa/step2_build.py:25` build_items(char)→list of (id,text) tuples; `:54` fit_archive(texts) passes argument to TfidfVectorizer. `coordinator/t3_perltqa_kltn.py:104-110` calls fit_fn(items) with tuples and reads built[0] (a vectorizer, since fit_archive returns 6-tuple) as Z.
- Schema: published T3 JSON has gate {diff,bits}, arms {hit10,fr3,n}, delta_192_384.{sc}.{fr3,hit10}, const_dims_at_384. t3_perltqa writer (lines 127-128,149-172) emits per-archive gate dict, arms {hit10,fr3,n_queries,k_eff}, flat delta_192_384_fr3. t3_ladder writer (lines 141,217-235) emits exactly the published schema. DECISION_TESTS.md:11 names `ablation_r2/perltqa/t3_ladder.py → T3_PERLTQA_KLTN.json`.
- Verdict: numbers' "cannot have produced" TRUE for that script; "commit the actual producer" OVERLOOKS that it is already present and cited. Coordinator + repro provenance note handle this correctly. Do NOT upgrade to fabrication.

### M-05 — Manifest + blobs + gap (integrity true)

- Manifest: FILE_MANIFEST.json n=756; decision_r1=0, DECISION=0, T3_=0, FINAL_STATE=0. Mtime manifest 16:36:35 predates DECISION_TESTS.md 21:33:59 and FINAL_STATE.md 21:37:19. Gap TRUE.
- My independent rehash (different seed 999, 15 files) → 15/15 match. Git refs main=59b891e, branch=e672192, merge-base=5ec3db6, c31719b/a68fcdc/8bcdef5 resolve + ancestor YES — all re-verified. TRUE.

### M-06 — Stale LADDER_REALTALK.md + REPORT §8 (integrity true)

- LADDER_REALTALK.md:1-55 presents rank overflow as live cause. Grep retract/correct/superseded/wrong → only "wrong design" (line 51). Zero pointers to T3 retraction. Tabulates 384 dims as "48 bytes/doc" without sign-bits caveat. TRUE.
- REPORT.md:304 lists older retraction set only; REPORT last touched by a68fcdc before T3. TRUE. Not silent editing — worker's "un-annotated superseded docs, moderate" is right.

### M-07 — Chronology NOT PROVEN (both sides correct)

- REFEREE.md + decision_tests.py enter git in exactly one commit each (8bcdef5). Mtimes consistent but same-commit entry cannot separate pre-fixation from joint authorship. Worker (NOT PROVEN) + coordinator (unverifiable) agree. TRUE.

### M-08 — C1 gate implementation gap (repro true; extended by me)

- Gate text: REFEREE.md:76-77 + :178 require FR@3 ≥+2.0pp, 95% CI excluding zero, BOTH benchmarks, plus Hit@10 lower-CI > -1.0 guardrail.
- Code: decision_tests.py:190-197 tests only point estimate; no bootstrap, no CI, no guardrail (grep → 0 hits), and t1() loads RealTalk only so both-benchmarks clause is structurally untestable.
- Round 1 noted only CI omission; **missed guardrail + single-benchmark structure**. Moot for outcome (behind 7.80pp, FAIL anyway) but function cannot certify PASS as written.

### M-09 — ITQ seed/tie-break language (direction true; language overreach)

- Code: au_c1_itq.py:9-12 DISCLOSES stable-sort differing from det_top10; :41-52 single ITQ init (seed 20260916) vs 7 fresh RAND. Report "7 pre-registered-fresh seeds" — no prereg exists; "pre-registered" UNSUPPORTED.
- Impact: qscale -2.27 TO 0.00pp plausible (continuous scores); sym 0.3-0.5pp offset self-reported (Hamming ties). "0/10" = one ITQ solution vs RAND distribution, not multi-init robustness. Consolidated framing correct.

### M-10 — Best-of-4 selection (substance true; wording narrowed)

- Values: frozen_idfonly 65.67375887 vs coarse_textbook 55.31914894 → gap -10.35460993. Claims rerun 65.53 (0.14 tie-break). Genuine frozen_textbook 61.70212766 still beats 12B (-12.05) and 48B (-3.83); C1 FR@3 -3.26 FAIL under either baseline. TRUE.
- 3.97pp is observed setting difference, NOT estimated selection-bias magnitude. Coordinator CORRECT.

### M-11 — Integrity-worker's four over-permissive OKs (coordinator right)

- BM25 raw text: FINAL_STATE.md:117 overcharges (scoring needs postings; text serves display/rerank). Worker OK too permissive; review correct.
- Universal -10.35: DECISION_TESTS.md:116-117 prescribes RealTalk-only delta programme-wide. Worker "NOT DONE...OK" overlooks sentence; review correct. (Already-known; not new.)
- Rerank: see M-03. Coordinator correct.
- Novelty: lit_r2 existence-only, no protocol. Coordinator + consolidation correct.

### M-12 — Correlation provenance gap (new, LOW)

- Recompute: Pearson qscale -0.8013, sym -0.9131; Spearman/LOO/drop-3/FR@3-weakening as reported. TRUE.
- Grep REPORT.md + math_r1 for -0.78 source → no hit. Origin UNVERIFIED; require exact citation.

### M-13 — Float gaps + protocol mixing (substance true; caution correct)

- LADDER.json gaps +9.92908/+11.34752/+10.49645 ("9.93/11.35/10.50" TRUE). REPORT §1 prints 48.51 vs 46.68.
- Three sym numbers (LADDER 46.5248 vs REPORT 46.68 vs own 46.81 = 0.16-0.29pp tie-break noise); cross-protocol -1.70 vs -1.83 approximately right but not exact. Consolidated "do not mix" CORRECT. Claim 5 ZAYIF stands.

### M-14 — MED + sigma-collapse controls (true, self-caveated)

- MED [0.500,0.500] no gain; retrieval deltas negative; report+code disclose query-threshold confound and unverified lit-contrast. Consolidated "not pure" agrees with worker caveat — not refutation.
- T3 qscale +1.33/-3.60, RealTalk monotone, asym≥qscale at every T3 k, cross-benchmark asym-qscale +0.29/-3.62/-1.58. All match JSONs. TRUE.

### M-15 — Numbers 101/101 (true within sampled scope)

- T1 bit-identity diffs ≤1.4e-14; n=705 per-arch verified; T2 rows 164256; ladder gate 858624=8944×96; T3 gate 276480=2880×96, arms/deltas/const/N/gold-validation per JSON. Sample limits disclosed (ladder 2/10 fresh SVD). No MISMATCH. TRUE.

### M-16 — Repro mechanics (true as far as checked)

- T1 20/20 + RT01 61.1765 consistent with M-15; iso_t1/iso_t3 outputs present; T3 schema matches t3_ladder. 38/38 seal unrelated, not re-executed. Recorded only.

## 4. What I could NOT check and why

- Full fresh SVD for 8/10 ladder archives; full T3 8-archive × multi-seed; T2 _rrf60; NOPROJ arms; k=768: exceed bounded-probe budget / live jobs; auditors' NOT RUN accepted, verdicts inherit sampled scope.
- F1/KV/inverse, dense-MRL, E1/geometry/residual bodies; ~130 remote refs; v52 bulk; cost/latency; lit_r2 beyond existence; MODEL weights hash (2.4 GB excluded); LoCoMo adjudication (1531 vs 1535): named-only/live scope, untouched per read-only + no-fetch rules.
- No internet: literature novelty stays UNVERIFIED either way.
- No clean-room clone/package-only execution: source-protection rule; path + byte + blob identity substituted and stated.
- Round-1 stdout logs not re-executed; code + outputs + sources read instead.
- Mtime/hash snapshots detect change, prevent nothing; used only as consistency, never pre-registration proof.

## 5. Coordinator-verdict scorecard (defending itself? No — all corrections valid)

- Numbers producer narrowing: CORRECT (actual producer cited).
- Integrity 4 corrections + selection caveat: ALL CORRECT.
- Repro 4 narrowings (portability, universal-failure wording, k=768 timing, 3.97-as-bias): ALL CORRECT.
- Consolidated claims-worker limits: ALL CORRECT, consistent with workers' own buried caveats. No true positive suppressed; sampled scope preserved; project-wide STOP correctly refused.
- Gap the coordinator could have added: M-08 guardrail + single-benchmark gaps and M-01 T1-repairability (done here).

## 6. Commands run (read-only; python3; no source writes)

- JSON reads: DECISION_TESTS.json T1/keys; T3 gate/const/delta/arms; LADDER arms/gaps; FILE_MANIFEST counts; RESULTS.json seeds/keys.
- Byte-identity: package data/RT01.json vs raw; package audit_baseline_lib.py vs raw (identical).
- Git: rev-parse, merge-base, cat-file -t, ancestor check, log stack.
- Manifest: independent 15-file rehash (seed 999) 15/15; mtimes.
- T2: rows 164256, columns, per-method actual_candidates sets; grep DECISION_TESTS.md (0 hits).
- T1 cohort: per-archive counts =705; repr+exclusions same 705.
- T3: build_items/fit_archive signatures; writer schema diff; DECISION_TESTS.md:11.
- Gates: decision_tests.py:190-197; REFEREE.md lines; FINAL_STATE.md:117; LADDER_REALTALK.md:1-55 + grep; REPORT.md float table + stale list.
- Tie-break: det_top10 vs fast_topk vs stable-sort; T1 diffs ≤1.4e-14; gap -10.35460993.
- Correlation: Pearson recompute; REPORT/math grep (no hit). Outputs inventory: numbers *.json, repro iso dirs.

All writes to /mnt/c/Users/MDP/dev/llmzip-work/audit_hard_r2/meta/ only. Sources read-only; no commit/push/clone/fetch.

Report file: [/mnt/c/Users/MDP/dev/llmzip-work/audit_hard_r2/meta/META_AUDIT.md](/mnt/c/Users/MDP/dev/llmzip-work/audit_hard_r2/meta/META_AUDIT.md)
