============================= test session starts ==============================
platform linux -- Python 3.14.4, pytest-8.4.2, pluggy-1.6.0 -- /usr/bin/python3
cachedir: .pytest_cache
rootdir: /mnt/c/Users/MDP/dev/llmzip-work/top10_comparison_r1/pq
plugins: anyio-4.15.1, typeguard-4.4.4
collecting ... collected 0 items / 1 error

==================================== ERRORS ====================================
______________________ ERROR collecting test_pq_top10.py _______________________
ImportError while importing test module '/mnt/c/Users/MDP/dev/llmzip-work/top10_comparison_r1/pq/test_pq_top10.py'.
Hint: make sure your test modules/packages have valid Python names.
Traceback:
/usr/lib/python3.14/importlib/__init__.py:88: in import_module
    return _bootstrap._gcd_import(name[level:], package, level)
           ^^^^^^^^^^^^^^^^^^^^^^^^^^^^^^^^^^^^^^^^^^^^^^^^^^^^
test_pq_top10.py:16: in <module>
    import run_pq as P
E   ModuleNotFoundError: No module named 'run_pq'
=========================== short test summary info ============================
ERROR test_pq_top10.py
!!!!!!!!!!!!!!!!!!!! Interrupted: 1 error during collection !!!!!!!!!!!!!!!!!!!!
=============================== 1 error in 0.72s ===============================
pytest exit:2
