LME seed 11: strict=0.14376913493174168 tie=0.1429439266498272
LME seed 2027: strict=0.14163905763963197 tie=0.14056112877969626
LME seed 40009: strict=0.14109972659694525 tie=0.14003953832776725
LME seed 91000: strict=0.1427138055984879 tie=0.14155225024968257
LME seed 5100099: strict=0.14219072146903128 tie=0.14156394075134443
LME seed 777771: strict=0.14281048802549318 tie=0.1422381823451369
  -> LME perm strict range [0.14109972659694525,0.14376913493174168] auditor=0.14168629605302735 inside=True
  -> LME perm tie    range [0.14003953832776725,0.1429439266498272] auditor=0.14045379360271315 inside=True
REALTALK seed 11: strict=0.09807642673327205 tie=0.12305804694717844
REALTALK seed 2027: strict=0.09794697947487466 tie=0.12317953805787535
REALTALK seed 40009: strict=0.10088800064411023 tie=0.11895795738039974
REALTALK seed 91000: strict=0.10180406622012256 tie=0.1255092973751687
REALTALK seed 5100099: strict=0.09797715826178349 tie=0.1227752816753971
REALTALK seed 777771: strict=0.09806357037917988 tie=0.12264749695277807
  -> REALTALK perm strict range [0.09794697947487466,0.10180406622012256] auditor=0.097939128891117 inside=False
  -> REALTALK perm tie    range [0.11895795738039974,0.1255092973751687] auditor=0.12281952421315011 inside=True
PERLTQA seed 11: strict=0.25422534506620986 tie=0.27985209931402927
PERLTQA seed 2027: strict=0.25417050835747307 tie=0.27980659340949476
PERLTQA seed 40009: strict=0.25425187219434314 tie=0.2798961077211787
PERLTQA seed 91000: strict=0.25424248590345805 tie=0.27988307585435035
PERLTQA seed 5100099: strict=0.2543485108798163 tie=0.28007445388655416
PERLTQA seed 777771: strict=0.2541345912599738 tie=0.2799536335937178
  -> PERLTQA perm strict range [0.2541345912599738,0.2543485108798163] auditor=0.25416826537535475 inside=True
  -> PERLTQA perm tie    range [0.27980659340949476,0.28007445388655416] auditor=0.2797878341571222 inside=False
OK
