=== LME ===
  LME 50/470 units  8s
  LME 100/470 units  14s
  LME 150/470 units  20s
  LME 200/470 units  26s
  LME 250/470 units  32s
  LME 300/470 units  38s
  LME 350/470 units  45s
  LME 400/470 units  52s
  LME 450/470 units  58s
     m   sign_top  float_top   delta_pp   sign_bot  sign_rand
     8   0.090315   0.208794   -11.8479   0.073876   0.089611
    12   0.140359   0.242270   -10.1911   0.122258   0.140154
    16   0.169154   0.262057    -9.2903   0.180600   0.196719
    24   0.215709   0.281064    -6.5355   0.267157   0.293880
    32   0.252807   0.315816    -6.3008   0.333841   0.367185
    48   0.352057   0.349149    +0.2908   0.429568   0.446970
    64   0.431852   0.395071    +3.6781   0.499982   0.492900
    80   0.492688   0.423688    +6.9000   0.523174   0.523509
    96   0.542134   0.441596   +10.0538   0.542134   0.542134
  crossover m* = 47.294180937864255
=== LoCoMo ===
     m   sign_top  float_top   delta_pp   sign_bot  sign_rand
     8   0.029108   0.052045    -2.2937   0.031102   0.028120
    12   0.050010   0.087201    -3.7191   0.045755   0.043269
    16   0.064243   0.104265    -4.0022   0.074057   0.058131
    24   0.077015   0.114489    -3.7474   0.102100   0.088469
    32   0.087936   0.129554    -4.1618   0.138557   0.116849
    48   0.131953   0.139712    -0.7759   0.180090   0.160985
    64   0.167941   0.152735    +1.5205   0.215766   0.198181
    80   0.202925   0.160064    +4.2861   0.236220   0.221930
    96   0.237907   0.171356    +6.6550   0.237907   0.237907
  crossover m* = 53.40591377718167
=== REALTALK ===
     m   sign_top  float_top   delta_pp   sign_bot  sign_rand
     8   0.041604   0.077362    -3.5758   0.028185   0.028925
    12   0.066098   0.113876    -4.7778   0.043622   0.048845
    16   0.080433   0.128378    -4.7945   0.064088   0.062538
    24   0.116030   0.149610    -3.3580   0.088076   0.098755
    32   0.128938   0.145355    -1.6417   0.110512   0.129185
    48   0.160630   0.151915    +0.8714   0.162415   0.166890
    64   0.174989   0.156037    +1.8953   0.197596   0.192329
    80   0.199698   0.164153    +3.5545   0.214705   0.207990
    96   0.225535   0.172534    +5.3001   0.225535   0.225535
  crossover m* = 42.45207846978397
=== PerLTQA ===
     m   sign_top  float_top   delta_pp   sign_bot  sign_rand
     8   0.145204   0.309210   -16.4006   0.056085   0.067242
    12   0.234626   0.367588   -13.2963   0.087041   0.108864
    16   0.286591   0.405973   -11.9382   0.119172   0.149928
    24   0.353430   0.472030   -11.8600   0.176217   0.229491
    32   0.383439   0.500454   -11.7015   0.219582   0.286054
    48   0.418820   0.513517    -9.4697   0.291541   0.372011
    64   0.446965   0.529630    -8.2665   0.333085   0.426853
    80   0.473128   0.542699    -6.9572   0.404110   0.466057
    96   0.488945   0.551692    -6.2747   0.488945   0.488945
  crossover m* = NONE (no sign change)
WROTE /mnt/c/Users/MDP/dev/llmzip-work/agent_out/axis-budget/evidence/axis_budget_results.json
