
    def test_single_gold_rank_k(self):
        import math
>       from pplx_scorer import prf_metrics
E       ModuleNotFoundError: No module named 'pplx_scorer'

test_pplx_scorer.py:206: ModuleNotFoundError
=========================== short test summary info ============================
FAILED test_pplx_scorer.py::TestOfficialQuant::test_binary_uses_unquantized_sign
FAILED test_pplx_scorer.py::TestOfficialQuant::test_int8_formula_matches_official
FAILED test_pplx_scorer.py::TestOfficialQuant::test_int8_matches_torch_reference_when_available
FAILED test_pplx_scorer.py::TestOfficialQuant::test_nearzero_counterexample
FAILED test_pplx_scorer.py::TestOfficialQuant::test_pack_uses_nonneg_convention
FAILED test_pplx_scorer.py::TestOfficialQuant::test_packed_roundtrip_1024 - M...
FAILED test_pplx_scorer.py::TestOfficialQuant::test_packed_roundtrip_96 - Mod...
FAILED test_pplx_scorer.py::TestPooling::test_batch_plan_preserves_rows - Mod...
FAILED test_pplx_scorer.py::TestPooling::test_masked_mean_pool - ModuleNotFou...
FAILED test_pplx_scorer.py::TestPooling::test_masked_mean_pool_allpad_gives_zeros
FAILED test_pplx_scorer.py::TestPooling::test_text_hash_stable - ModuleNotFou...
FAILED test_pplx_scorer.py::TestRanking::test_boundary_tie_exactly_ten - Modu...
FAILED test_pplx_scorer.py::TestRanking::test_descending_score_order - Module...
FAILED test_pplx_scorer.py::TestRanking::test_exact_ten_and_no_duplicates - M...
FAILED test_pplx_scorer.py::TestRanking::test_no_gold_leakage_in_scorers - Mo...
FAILED test_pplx_scorer.py::TestRanking::test_protocol_tiebreak_hash_then_row
FAILED test_pplx_scorer.py::TestRanking::test_rejects_nonfinite - ModuleNotFo...
FAILED test_pplx_scorer.py::TestRanking::test_zero_vector_scores_finite - Mod...
FAILED test_pplx_scorer.py::TestMetrics::test_miss_and_partial - ModuleNotFou...
FAILED test_pplx_scorer.py::TestMetrics::test_multigold_metrics - ModuleNotFo...
FAILED test_pplx_scorer.py::TestMetrics::test_single_gold_rank_k - ModuleNotF...
21 failed in 6.71s
