cases=41 fuzz_kept=24 fuzz_excluded=68
oracle/archived agreement: {'sturm': [57, 57], 'rational_roots': [34, 34]}
poc_K1                       ISOLATED_TIES VARIES ['1', '7/4']
poc_K10                      ISOLATED_TIES VARIES ['1', '7/4']
poc_K100                     ISOLATED_TIES -1 ['1', '7/4']
poc_K1000                    ISOLATED_TIES -1 ['1', '7/4']
poc_reversed_K100            ISOLATED_TIES 1 ['1', '7/4']
tangent_realizable           ISOLATED_TIES 1 ['1/2']
tangent_abstract_only        ISOLATED_TIES 1 ['1']
common_zero                  ISOLATED_TIES VARIES ['1']
endpoint_tie_L               ISOLATED_TIES -1 ['0']
endpoint_tie_R               ISOLATED_TIES 1 ['2']
P_identically_zero           PERSISTENT_TIE 0 ['1', '2', 'persistent(1,2)']
invalidJ_empty               STRICT 0 []
invalidJ_inverted            NOT_RUN_INVERTED None []
invalidJ_domain              DOMAIN_FAIL None []
search_strict_pos_Jq         STRICT 1 []
search_strict_neg_Jq         STRICT -1 []
search_two_roots_Jq          STRICT -1 []
fuzz_00                      STRICT 1 []
fuzz_01                      STRICT 1 []
fuzz_02                      STRICT -1 []
fuzz_03                      STRICT -1 []
fuzz_04                      STRICT 1 []
fuzz_05                      STRICT -1 []
fuzz_06                      STRICT 1 []
fuzz_07                      STRICT -1 []
fuzz_08                      ISOLATED_TIES VARIES ['1']
fuzz_09                      STRICT -1 []
fuzz_10                      STRICT 1 []
fuzz_11                      STRICT -1 []
fuzz_12                      ISOLATED_TIES VARIES ['3']
fuzz_13                      STRICT -1 []
fuzz_14                      STRICT 1 []
fuzz_15                      STRICT -1 []
fuzz_16                      STRICT 1 []
fuzz_17                      STRICT -1 []
fuzz_18                      STRICT -1 []
fuzz_19                      STRICT -1 []
fuzz_20                      STRICT 1 []
fuzz_21                      STRICT -1 []
fuzz_22                      STRICT -1 []
fuzz_23                      ISOLATED_TIES VARIES ['3/7']
