LME n=470
LME sign=0.5421335697399527 float=0.44159574468085117 delta_pp=10.053783
PERLTQA n=8265 archives=30
PERLTQA sign=0.4889447961636413 float=0.551692074528852 delta_pp=-6.274728
REALTALK n=705
REALTALK sign=0.2255348230702841 float=0.1725340538106495 delta_pp=5.300077

LME: delta_pp=+10.053783 (frozen +10.037943, diff +0.015840)
  rho_strict=0.1416251737011647  auditor=0.1417  diff=-7.48262988352899e-05
  rho_tie   =0.14069387548880735  auditor=0.1405  diff=0.00019387548880733796
  MINGOLD strict=0.09920150310037373 tie=0.09863003060835299
  n=470 multi_gold_rate=0.6298

PERLTQA: delta_pp=-6.274728 (frozen -6.275000, diff +0.000272)
  rho_strict=0.25413844391463014  auditor=0.2542  diff=-6.155608536984047e-05
  rho_tie   =0.27982715404990666  auditor=0.2798  diff=2.715404990666359e-05
  MINGOLD strict=0.2774184734053319 tie=0.28506408072939843
  n=8265 multi_gold_rate=0.2809

REALTALK: delta_pp=+5.300077 (frozen +5.224100, diff +0.075977)
  rho_strict=0.09793425648573494  auditor=0.0979  diff=3.425648573493478e-05
  rho_tie   =0.12307477776090332  auditor=0.1228  diff=0.0002747777609033164
  MINGOLD strict=0.061255512317713624 tie=0.08752108650096173
  n=705 multi_gold_rate=0.5475

WROTE /mnt/c/Users/MDP/dev/llmzip-work/f1_real_fr3/results.json manifest=482
