[EXACT] LME-1-s0 split s=0 reconstruction: train_match=True test_match=True disjoint=True complete=True n_train=236 n_test=234
[EXACT] LME-1-s7 split s=7 reconstruction: train_match=True test_match=True disjoint=True complete=True n_train=236 n_test=234
[EXACT] LME-GATE1 native recompute all 470: max_abs_diff=1.110e-16 mean_recomp=0.5419751773049645 mean_stored=0.5419751773049645 stored_claim=1.11e-16
[EXACT] LME-2-s0-drop64 utility top-64 drop64 s=0: match=True n=64 first5=[0, 3, 4, 6, 8] stored_first5=[0, 3, 4, 6, 8]
[EXACT] LME-2-s0-alone64 utility top-64 alone64 s=0: match=True n=64 first5=[1, 2, 3, 4, 5] stored_first5=[1, 2, 3, 4, 5]
[EXACT] LME-2-s0-var64 utility top-64 var64 s=0: match=True n=64 first5=[0, 1, 2, 3, 4] stored_first5=[0, 1, 2, 3, 4]
[EXACT] LME-2-s7-drop64 utility top-64 drop64 s=7: match=True n=64 first5=[0, 1, 2, 4, 5] stored_first5=[0, 1, 2, 4, 5]
[EXACT] LME-2-s7-alone64 utility top-64 alone64 s=7: match=True n=64 first5=[2, 3, 4, 5, 6] stored_first5=[2, 3, 4, 5, 6]
[EXACT] LME-2-s7-var64 utility top-64 var64 s=7: match=True n=64 first5=[0, 1, 2, 3, 4] stored_first5=[0, 1, 2, 3, 4]
[EXACT] LME-3-SPREAD64 SPREAD64 cols s=0: match=True distinct_pos=True first5=[0, 1, 3, 4, 6] stored_first5=[0, 1, 3, 4, 6]
[EXACT] LME-4-RAND RANDOM64_s91000 cols s=0: match=True first5=[0, 2, 3, 5, 8] stored_first5=[0, 2, 3, 5, 8]
[EXACT] LME-5-FR30 FR spot-check 30q x arms{s=0 test}: max_abs_diff=1.110e-16 worst=('157a136e', 'native-vs-pilot', 0.6666666666666664, 0.6666666666666665) tol=1e-12 arms=drop64/alone64/RANDOM64_s91000+native
[EXACT] LME-6-SUMMARY summary recompute vs-best (10 splits): per_split_gaps_ok=True max_summary_diff=0.000e+00 wins_ok=True drop_mean=-1.2460826210826181 stored=-1.2460826210826181 drop_wins=2/10 stored=2/10 alone_mean=-3.1452635327635305 stored=-3.1452635327635305 alone_wins=0/10 stored=0/10
[INFO] LME-6-MEAN secondary vs-mean panel (recompute only): drop_vs_mean=0.4292pp wins=7/10 (report claims +0.43pp 7/10); alone_vs_mean=-1.4700pp wins=3/10 (report claims -1.47pp)
[EXACT] LME-6b-CI s=0 bootstrap CI90 drop64 recompute: recomputed=[-5.286681,-0.333903] stored=(-5.286680911680907, -0.3339031339031336)
[EXACT] LME-6b-WTL s=0 WTL drop64 vs best-seed: recomputed=[6, 129, 99] stored=[6, 129, 99]
[EXACT] LME-6b-VARW s=0 var-worst k=64: recomputed=True stored=True fam={'delta64': 0.4416, 'drop64': 0.4646, 'alone64': 0.4754, 'var64': 0.4317, 'SPREAD64': 0.485}
[EXACT] LOCO-7-VALID LoCoMo valid count: recomputed_valid=1535 stored_n_valid=1535 expect=1535
[EXACT] LOCO-7-NATIVE LoCoMo native mean vs anchor: npz_native_mean=0.23654714666441054 anchor=0.23654714666441054 diff=0.000e+00 stored_recomputed=0.23654714666441054
[EXACT] LOCO-7-QIDS peraxis.npz qids == valid set: match=True npz_n=1535 valid_n=1535
[EXACT] LOCO-7-CELLS peraxis.npz 15 random cells recompute: max_abs_diff=0.000e+00 worst=None tol=1e-12 cells=[('locomo_9_qa12', 58), ('locomo_3_qa158', 36), ('locomo_0_qa150', 57), ('locomo_4_qa114', 92), ('locomo_3_qa110', 18), ('locomo_3_qa99', 32), ('locomo_3_qa149', 54), ('locomo_4_qa60', 51), ('locomo_5_qa0', 70), ('locomo_0_qa80', 41), ('locomo_9_qa75', 5), ('locomo_6_qa59', 15), ('locomo_6_qa85', 72), ('locomo_5_qa28', 65), ('locomo_5_qa54', 67)]
[EXACT] LOCO-7-S3 LoCoMo s=3 gap vs best-of-10 recompute: n_test_re=767 stored=767 perq_len=767 gap_drop_re=-0.46608617371329264 stored=-0.46608617371329264 gap_alone_re=-0.5068758924691164 stored=-0.5068758924691164
[EXACT] LOCO-7-SUMMARY LoCoMo summary recompute: max_diff=0.000e+00 wins_ok=True drop_mean=-0.14953631584987523 stored=-0.14953631584987523 wins=2/10 stored=2/10 alone_mean=-0.09175066237628539 stored=-0.09175066237628539 wins=5/10 stored=5/10
[EXACT] KILL-8 kill-criteria arithmetic: LME mean-vs-best=-1.246083pp (<+1.0: True); LME wins=2/10 (<7/10: True); LoCoMo mean-vs-best=-0.149536pp (<=0: True); report claims (-1.25pp,2/10,-0.15pp) round_match=True (round LME=-1.25, loco=-0.15)
[EXACT] JSON-9 JSON self-consistency: issues=none; LME 10x(236/234 or balanced, train+test=470) checked; arms cols in 0..95 unique len==k checked (LME 45 + LoCoMo 42 arm entries per split); per_q NaN/len checked
WROTE /tmp/d1v/d1v_details.json {'exact': 24, 'diff': 0, 'info': 1, 'total': 25}
