--- LME load ---
LME SMALL48 cols: [0, 1, 3, 5, 7, 9, 11, 13, 15, 17, 19, 21, 23, 25, 27, 29, 32, 34, 36, 38, 40, 42, 44, 46, 49, 51, 53, 55, 57, 59, 61, 63, 65, 67, 69, 71, 73, 75, 77, 79, 81, 83, 85, 87, 89, 91, 93, 95]
LME SMALL64 cols: [0, 1, 3, 4, 6, 7, 9, 10, 12, 13, 15, 16, 18, 19, 21, 22, 24, 25, 27, 28, 30, 32, 33, 35, 36, 38, 39, 41, 42, 44, 45, 47, 48, 50, 51, 53, 54, 56, 57, 59, 60, 62, 63, 65, 66, 68, 69, 71, 72, 74, 75, 77, 78, 80, 81, 83, 84, 86, 87, 89, 90, 92, 93, 95]
  LME 100/470 (6s)
  LME 200/470 (6s)
  LME 300/470 (7s)
  LME 400/470 (8s)
LME GATE native=0.5419751773049645 anchor=0.5419751773049645 diff=0
LME SMALL48=0.4578262411347518 exp=0.4578262411347518 diff=0
LME SMALL64=0.5021382978723404 exp=0.5021382978723404 diff=0
LME native vs stored maxdiff=1.11022e-16
LME GATES PASS
--- LoCoMo load ---
locomo alignment OK
locomo valid questions: 1535 (expects 1535)
LOCO SMALL48 cols: [1, 3, 5, 7, 9, 11, 13, 15, 17, 19, 21, 23, 25, 27, 29, 31, 32, 34, 36, 38, 40, 42, 44, 46, 49, 51, 53, 55, 57, 59, 61, 63, 66, 67, 69, 71, 73, 74, 77, 79, 81, 83, 85, 87, 89, 91, 93, 94]
LOCO SMALL64 cols: [1, 3, 4, 6, 7, 9, 10, 12, 13, 15, 16, 18, 19, 21, 22, 24, 25, 27, 28, 30, 31, 32, 33, 35, 36, 38, 39, 41, 42, 44, 45, 47, 48, 50, 51, 53, 54, 56, 57, 59, 60, 62, 63, 65, 66, 68, 69, 71, 72, 74, 75, 77, 78, 80, 81, 83, 84, 86, 87, 89, 90, 92, 93, 94]
  LOCO conv 1/10 (8s)
  LOCO conv 2/10 (8s)
  LOCO conv 3/10 (9s)
  LOCO conv 4/10 (9s)
  LOCO conv 5/10 (9s)
  LOCO conv 6/10 (9s)
  LOCO conv 7/10 (9s)
  LOCO conv 8/10 (9s)
  LOCO conv 9/10 (9s)
  LOCO conv 10/10 (9s)
LOCO GATE native=0.2365471466644105 anchor=0.2365471466644105 diff=0
LOCO SMALL48=0.1591186551414565 exp=0.1591186551414565 diff=0
LOCO SMALL64=0.1918111698237680 exp=0.1918111698237680 diff=0
LOCO GATES PASS
LME NaN check: 0 non-finite feature values over 470 q x 12 feats
LOCO NaN check: 0 non-finite feature values over 1535 q x 12 feats
FEATURE NaN GATES PASS
LME split: train=244 (fail 65) test=226 (fail 52); base rates all=0.249 train=0.266 test=0.230
LME AUCs (train/test): margin34=0.658/0.651; crowd3=0.663/0.651; crowd4=0.605/0.669; crowd_pm1=0.663/0.672; top3_tie_share=0.655/0.677; boundary_share=0.645/0.696; dup_top20=0.491/0.511; var_decay=0.499/0.391; N=0.542/0.376; qent=0.550/0.504; margin34_large=0.592/0.648; crowd3_large=0.578/0.554; COMBO=0.711/0.686
LME alpha=0.10 k=23 gain_model=+1.1099pp oracle=+6.6667pp random=+1.0778pp [0.4757,2.0870]
LME alpha=0.20 k=45 gain_model=+3.0863pp oracle=+10.0442pp random=+1.8335pp [0.9845,2.2198]
LME alpha=0.30 k=68 gain_model=+4.3473pp oracle=+10.4698pp random=+2.3008pp [1.2058,3.1563]
LME alpha=0.40 k=90 gain_model=+6.1025pp oracle=+10.4698pp random=+3.3145pp [1.5428,4.9226]
LME constant sanity: all-SMALL=+0.0000pp all-LARGE=+9.0501pp
LOCO split: train=777 (fail 129) test=758 (fail 112); base rates all=0.157 train=0.166 test=0.148
LOCO AUCs (train/test): margin34=0.555/0.543; crowd3=0.536/0.536; crowd4=0.528/0.517; crowd_pm1=0.525/0.543; top3_tie_share=0.537/0.544; boundary_share=0.537/0.530; dup_top20=0.508/0.499; var_decay=0.528/0.521; N=0.486/0.501; qent=0.478/0.433; margin34_large=0.495/0.506; crowd3_large=0.514/0.498; COMBO=0.598/0.558
LOCO alpha=0.10 k=76 gain_model=+0.5288pp oracle=+7.7507pp random=+0.5080pp [0.1055,0.9136]
LOCO alpha=0.20 k=152 gain_model=+1.4810pp oracle=+8.8878pp random=+1.1346pp [0.5468,2.1251]
LOCO alpha=0.30 k=227 gain_model=+1.9395pp oracle=+8.8878pp random=+1.8269pp [0.9203,2.5814]
LOCO alpha=0.40 k=303 gain_model=+3.1202pp oracle=+8.8878pp random=+2.2787pp [1.5350,3.0224]
LOCO constant sanity: all-SMALL=+0.0000pp all-LARGE=+5.9547pp
PROMOTE GATE: LME gain@0.20=+3.0863pp (>=+1.0pp: True); LOCO gain@0.20=+1.4810pp (same-sign & >=+0.5pp: True)
GATE DECISION: PROMOTE
wrote c2_details.json (9.2s)
wrote c2_report.md
BEGIN_C2_KEY_NUMBERS
lme_native=0.5419751773049645 lme_spread48=0.4578262411347518 lme_spread64=0.5021382978723404
loco_native=0.2365471466644105 loco_spread48=0.1591186551414565 loco_spread64=0.1918111698237680
lme_split_train_test=244/226 lme_fails_all_train_test=117/65/52
loco_split_train_test=777/758 loco_fails_all_train_test=241/129/112
LME_AUC_margin34_train=0.6579 test=0.6510
LME_AUC_crowd3_train=0.6628 test=0.6509
LME_AUC_crowd4_train=0.6046 test=0.6693
LME_AUC_crowd_pm1_train=0.6632 test=0.6720
LME_AUC_top3_tie_share_train=0.6546 test=0.6773
LME_AUC_boundary_share_train=0.6447 test=0.6956
LME_AUC_dup_top20_train=0.4911 test=0.5106
LME_AUC_var_decay_train=0.4988 test=0.3910
LME_AUC_N_train=0.5419 test=0.3760
LME_AUC_qent_train=0.5500 test=0.5036
LME_AUC_margin34_large_train=0.5924 test=0.6479
LME_AUC_crowd3_large_train=0.5779 test=0.5545
LME_AUC_COMBO_train=0.7111 test=0.6862
LOCO_AUC_margin34_train=0.5552 test=0.5432
LOCO_AUC_crowd3_train=0.5362 test=0.5363
LOCO_AUC_crowd4_train=0.5283 test=0.5168
LOCO_AUC_crowd_pm1_train=0.5249 test=0.5433
LOCO_AUC_top3_tie_share_train=0.5366 test=0.5436
LOCO_AUC_boundary_share_train=0.5370 test=0.5305
LOCO_AUC_dup_top20_train=0.5078 test=0.4992
LOCO_AUC_var_decay_train=0.5284 test=0.5215
LOCO_AUC_N_train=0.4862 test=0.5013
LOCO_AUC_qent_train=0.4777 test=0.4329
LOCO_AUC_margin34_large_train=0.4953 test=0.5060
LOCO_AUC_crowd3_large_train=0.5141 test=0.4981
LOCO_AUC_COMBO_train=0.5976 test=0.5576
LME_ROUTE_a0.10 k=23 model_pp=+1.1099 oracle_pp=+6.6667 randmean_pp=+1.0778 randrange_pp=[+0.4757,+2.0870]
LME_ROUTE_a0.20 k=45 model_pp=+3.0863 oracle_pp=+10.0442 randmean_pp=+1.8335 randrange_pp=[+0.9845,+2.2198]
LME_ROUTE_a0.30 k=68 model_pp=+4.3473 oracle_pp=+10.4698 randmean_pp=+2.3008 randrange_pp=[+1.2058,+3.1563]
LME_ROUTE_a0.40 k=90 model_pp=+6.1025 oracle_pp=+10.4698 randmean_pp=+3.3145 randrange_pp=[+1.5428,+4.9226]
LOCO_ROUTE_a0.10 k=76 model_pp=+0.5288 oracle_pp=+7.7507 randmean_pp=+0.5080 randrange_pp=[+0.1055,+0.9136]
LOCO_ROUTE_a0.20 k=152 model_pp=+1.4810 oracle_pp=+8.8878 randmean_pp=+1.1346 randrange_pp=[+0.5468,+2.1251]
LOCO_ROUTE_a0.30 k=227 model_pp=+1.9395 oracle_pp=+8.8878 randmean_pp=+1.8269 randrange_pp=[+0.9203,+2.5814]
LOCO_ROUTE_a0.40 k=303 model_pp=+3.1202 oracle_pp=+8.8878 randmean_pp=+2.2787 randrange_pp=[+1.5350,+3.0224]
END_C2_KEY_NUMBERS
C2_VERDICT: <LME gain@0.20 +3.086pp, LOCO gain@0.20 +1.481pp, vs random-abstain (LME +1.833pp / LOCO +1.135pp mean), PROMOTE>
