[init] [LOCAL EXPLORATORY PILOT] [NOT PREREGISTERED] [NOT FOR CITATION] [DISCLOSE-BEFORE-USE]
[rt] loading raw + cache
[rt] 10 archives, 705 queries; rebuilding FULL...
[gate/rt] G1 diffbits=0/858624 qc=0 maxabs=0.000e+00 pass=True
[gate/rt] G2 rebuilt sym: Hit@10=46.5248 FR@3=22.8676 Hit@3=30.0709 expHit@10=46.6809 n=705
[gate/rt] G2 rebuilt qscale: Hit@10=49.6454 FR@3=22.4099 Hit@3=29.5035 expHit@10=49.6454 n=705
[pq] loading raw + caches
[pq] 30 archives; rebuilding FULL C...
[gate/pq] Cai Xiuying: N=459 diffbits=0/44064 maxabs=0.000e+00
[gate/pq] Cao Lili: N=377 diffbits=0/36192 maxabs=0.000e+00
[gate/pq] Feng Wei: N=422 diffbits=0/40512 maxabs=0.000e+00
[gate/pq] Han Gang: N=448 diffbits=0/43008 maxabs=0.000e+00
[gate/pq] He Feng: N=442 diffbits=0/42432 maxabs=0.000e+00
[gate/pq] Huang Xin: N=418 diffbits=0/40128 maxabs=0.000e+00
[gate/pq] Kong Tingting: N=293 diffbits=0/28128 maxabs=0.000e+00
[gate/pq] Li Hua: N=422 diffbits=0/40512 maxabs=0.000e+00
[gate/pq] Liang Xin: N=546 diffbits=0/52416 maxabs=0.000e+00
[gate/pq] Lin Wen: N=392 diffbits=0/37632 maxabs=0.000e+00
[gate/pq] Liu Liang: N=401 diffbits=0/38496 maxabs=0.000e+00
[gate/pq] Lu Yun: N=392 diffbits=0/37632 maxabs=0.000e+00
[gate/pq] Madan: N=381 diffbits=0/36576 maxabs=0.000e+00
[gate/pq] Peng Jie: N=459 diffbits=0/44064 maxabs=0.000e+00
[gate/pq] Qin Meng: N=402 diffbits=0/38592 maxabs=0.000e+00
[gate/pq] Sun Xiaoming: N=406 diffbits=0/38976 maxabs=0.000e+00
[gate/pq] Tayo: N=437 diffbits=0/41952 maxabs=0.000e+00
[gate/pq] Wang Ming: N=408 diffbits=0/39168 maxabs=0.000e+00
[gate/pq] Wang Xiaoming: N=438 diffbits=0/42048 maxabs=0.000e+00
[gate/pq] Xia Tong: N=380 diffbits=0/36480 maxabs=0.000e+00
[gate/pq] Xiao Ming: N=376 diffbits=0/36096 maxabs=0.000e+00
[gate/pq] Xiong Fei: N=412 diffbits=0/39552 maxabs=0.000e+00
[gate/pq] Xu Hui: N=359 diffbits=0/34464 maxabs=0.000e+00
[gate/pq] Xu Jia: N=371 diffbits=0/35616 maxabs=0.000e+00
[gate/pq] Yang Wei: N=416 diffbits=0/39936 maxabs=0.000e+00
[gate/pq] Zhang Xiaohong: N=391 diffbits=0/37536 maxabs=0.000e+00
[gate/pq] Zhao Li: N=491 diffbits=0/47136 maxabs=0.000e+00
[gate/pq] Zheng Yong: N=385 diffbits=0/36960 maxabs=0.000e+00
[gate/pq] Zhou Ting: N=421 diffbits=0/40416 maxabs=0.000e+00
[gate/pq] Zhu Xiaolong: N=343 diffbits=0/32928 maxabs=0.000e+00
[gate/pq] G1 diffbits=0/1179648 maxabs=0.000e+00 pass=True
[gate/pq] G2 replay sym: Hit@10=75.6806 FR@3=49.0919 Hit@3=59.2619 expHit@10=75.7612 n=8265
[gate/pq] G2 replay qscale: Hit@10=80.0000 FR@3=53.2375 Hit@3=64.2468 expHit@10=80.0000 n=8265
[gate] OVERALL pass=True -> FIDELITY_GATE.json written
[proof] rescale bit changes: docs 0/63552, queries 0/8160 -> holds=True
[topk] verified equivalent on 100 samples
[topk] verified equivalent on 30 samples
[arms/RealTalk] RT01: N=662 nq=85 zero=0.00e+00 wall=0.5s
[arms/RealTalk] RT02: N=476 nq=70 zero=0.00e+00 wall=0.4s
[arms/RealTalk] RT03: N=453 nq=73 zero=0.00e+00 wall=0.4s
[arms/RealTalk] RT04: N=422 nq=71 zero=0.00e+00 wall=0.5s
[arms/RealTalk] RT05: N=410 nq=70 zero=0.00e+00 wall=0.5s
[arms/RealTalk] RT06: N=1548 nq=74 zero=0.00e+00 wall=0.7s
[arms/RealTalk] RT07: N=1511 nq=70 zero=0.00e+00 wall=0.8s
[arms/RealTalk] RT08: N=1162 nq=70 zero=0.00e+00 wall=0.5s
[arms/RealTalk] RT09: N=1044 nq=63 zero=0.00e+00 wall=0.5s
[arms/RealTalk] RT10: N=1256 nq=59 zero=0.00e+00 wall=0.5s
[arms/PerLTQA] Cai Xiuying: N=459 nq=409 zero=0.00e+00 wall=1.1s
[arms/PerLTQA] Cao Lili: N=377 nq=302 zero=0.00e+00 wall=0.8s
[arms/PerLTQA] Feng Wei: N=422 nq=324 zero=0.00e+00 wall=0.8s
[arms/PerLTQA] Han Gang: N=448 nq=259 zero=0.00e+00 wall=0.9s
[arms/PerLTQA] He Feng: N=442 nq=311 zero=0.00e+00 wall=1.4s
[arms/PerLTQA] Huang Xin: N=418 nq=256 zero=0.00e+00 wall=0.7s
[arms/PerLTQA] Kong Tingting: N=293 nq=216 zero=0.00e+00 wall=0.5s
[arms/PerLTQA] Li Hua: N=422 nq=224 zero=0.00e+00 wall=0.6s
[arms/PerLTQA] Liang Xin: N=546 nq=394 zero=0.00e+00 wall=2.3s
[arms/PerLTQA] Lin Wen: N=392 nq=272 zero=0.00e+00 wall=2.2s
[arms/PerLTQA] Liu Liang: N=401 nq=231 zero=0.00e+00 wall=1.2s
[arms/PerLTQA] Lu Yun: N=392 nq=288 zero=0.00e+00 wall=0.8s
[arms/PerLTQA] Madan: N=381 nq=299 zero=0.00e+00 wall=1.4s
[arms/PerLTQA] Peng Jie: N=459 nq=284 zero=0.00e+00 wall=0.9s
[arms/PerLTQA] Qin Meng: N=402 nq=314 zero=0.00e+00 wall=1.3s
[arms/PerLTQA] Sun Xiaoming: N=406 nq=210 zero=0.00e+00 wall=1.0s
[arms/PerLTQA] Tayo: N=437 nq=283 zero=0.00e+00 wall=1.2s
[arms/PerLTQA] Wang Ming: N=408 nq=219 zero=0.00e+00 wall=0.9s
[arms/PerLTQA] Wang Xiaoming: N=438 nq=242 zero=0.00e+00 wall=0.7s
[arms/PerLTQA] Xia Tong: N=380 nq=290 zero=0.00e+00 wall=0.9s
[arms/PerLTQA] Xiao Ming: N=376 nq=301 zero=0.00e+00 wall=1.1s
[arms/PerLTQA] Xiong Fei: N=412 nq=362 zero=0.00e+00 wall=1.2s
[arms/PerLTQA] Xu Hui: N=359 nq=281 zero=0.00e+00 wall=2.3s
[arms/PerLTQA] Xu Jia: N=371 nq=205 zero=0.00e+00 wall=1.1s
[arms/PerLTQA] Yang Wei: N=416 nq=233 zero=0.00e+00 wall=1.1s
[arms/PerLTQA] Zhang Xiaohong: N=391 nq=202 zero=0.00e+00 wall=1.6s
[arms/PerLTQA] Zhao Li: N=491 nq=239 zero=0.00e+00 wall=2.6s
[arms/PerLTQA] Zheng Yong: N=385 nq=278 zero=0.00e+00 wall=3.3s
[arms/PerLTQA] Zhou Ting: N=421 nq=214 zero=0.00e+00 wall=2.7s
[arms/PerLTQA] Zhu Xiaolong: N=343 nq=323 zero=0.00e+00 wall=3.9s
[arms] per_query.jsonl closed
=== RealTalk (best non-FULL by qscale Hit@10: MED) ===
  FULL           sym    Hit@10=2.8369 FR@3=0.2961 Hit@3=0.7092 expHit@10=2.9086 n=705
  FULL           qscale Hit@10=49.6454 FR@3=22.4099 Hit@3=29.5035 expHit@10=49.6454 n=705
  ITQ_C          sym    Hit@10=5.2482 FR@3=0.5106 Hit@3=1.1348 expHit@10=5.3293 n=705
  ITQ_C          qscale Hit@10=32.7660 FR@3=15.4325 Hit@3=20.8511 expHit@10=32.8888 n=705
  RAND_20260916  sym    Hit@10=4.5390 FR@3=0.6052 Hit@3=1.4184 expHit@10=4.5005 n=705
  RAND_20260916  qscale Hit@10=35.1773 FR@3=15.4453 Hit@3=20.1418 expHit@10=35.1773 n=705
  RAND_20260917  sym    Hit@10=3.9716 FR@3=0.7439 Hit@3=1.8440 expHit@10=4.1364 n=705
  RAND_20260917  qscale Hit@10=35.3191 FR@3=15.9134 Hit@3=21.2766 expHit@10=35.3191 n=705
  RAND_20260918  sym    Hit@10=4.6809 FR@3=0.5083 Hit@3=0.9929 expHit@10=4.2920 n=705
  RAND_20260918  qscale Hit@10=34.6099 FR@3=16.2376 Hit@3=21.5603 expHit@10=34.6099 n=705
  MED            sym    Hit@10=3.4043 FR@3=0.5043 Hit@3=0.8511 expHit@10=3.3746 n=705
  MED            qscale Hit@10=49.2199 FR@3=21.7850 Hit@3=29.2199 expHit@10=49.2199 n=705
  [RAND_20260916-FULL/sym] hit10=+1.70[+0.58,+2.99]; fr3=+0.31[+0.04,+0.65]
  [RAND_20260916-FULL/qscale] hit10=-14.47[-20.58,-7.91]; fr3=-6.96[-8.84,-4.97]
  [RAND_20260917-FULL/sym] hit10=+1.13[-0.14,+2.47]; fr3=+0.45[+0.06,+0.88]
  [RAND_20260917-FULL/qscale] hit10=-14.33[-21.18,-7.12]; fr3=-6.50[-9.48,-3.31]
  [RAND_20260918-FULL/sym] hit10=+1.84[+0.69,+2.95]; fr3=+0.21[-0.06,+0.46]
  [RAND_20260918-FULL/qscale] hit10=-15.04[-21.63,-8.16]; fr3=-6.17[-8.67,-3.33]
  [MED-FULL/sym] hit10=+0.57[-0.29,+1.44]; fr3=+0.21[-0.09,+0.58]
  [MED-FULL/qscale] hit10=-0.43[-1.96,+1.12]; fr3=-0.62[-1.89,+0.81]
  [ITQ_C-FULL/sym] hit10=+2.41[+1.01,+4.08]; fr3=+0.21[-0.10,+0.58]
  [ITQ_C-FULL/qscale] hit10=-16.88[-24.21,-9.42]; fr3=-6.98[-9.17,-4.72]
  [ITQ_C-RAND_20260916/sym] hit10=+0.71[-0.55,+2.20]; fr3=-0.09[-0.30,+0.10]
  [ITQ_C-RAND_20260916/qscale] hit10=-2.41[-4.74,-0.14]; fr3=-0.01[-0.88,+1.01]
  [ITQ_C-RAND_20260917/sym] hit10=+1.28[-0.15,+2.81]; fr3=-0.23[-0.57,-0.03]
  [ITQ_C-RAND_20260917/qscale] hit10=-2.55[-4.73,-0.54]; fr3=-0.48[-2.21,+1.36]
  [ITQ_C-RAND_20260918/sym] hit10=+0.57[-0.71,+1.93]; fr3=+0.00[-0.26,+0.38]
  [ITQ_C-RAND_20260918/qscale] hit10=-1.84[-3.70,-0.28]; fr3=-0.81[-2.08,+0.52]
=== PerLTQA (best non-FULL by qscale Hit@10: RAND_20260917) ===
  FULL           sym    Hit@10=6.7030 FR@3=0.8939 Hit@3=2.2384 expHit@10=6.7435 n=8265
  FULL           qscale Hit@10=80.0000 FR@3=53.2375 Hit@3=64.2468 expHit@10=80.0000 n=8265
  ITQ_C          sym    Hit@10=6.2190 FR@3=1.1826 Hit@3=2.4077 expHit@10=6.2260 n=8265
  ITQ_C          qscale Hit@10=78.9111 FR@3=50.6305 Hit@3=60.2299 expHit@10=78.9088 n=8265
  RAND_20260916  sym    Hit@10=6.8603 FR@3=1.2938 Hit@3=2.5771 expHit@10=6.7759 n=8265
  RAND_20260916  qscale Hit@10=78.7659 FR@3=50.6395 Hit@3=60.4356 expHit@10=78.7659 n=8265
  RAND_20260917  sym    Hit@10=6.5457 FR@3=1.2901 Hit@3=2.5771 expHit@10=6.5730 n=8265
  RAND_20260917  qscale Hit@10=79.4797 FR@3=50.6301 Hit@3=60.4840 expHit@10=79.4797 n=8265
  RAND_20260918  sym    Hit@10=6.6183 FR@3=1.2805 Hit@3=2.5529 expHit@10=6.5823 n=8265
  RAND_20260918  qscale Hit@10=78.8627 FR@3=51.7231 Hit@3=61.4156 expHit@10=78.8627 n=8265
  MED            sym    Hit@10=6.9328 FR@3=1.0209 Hit@3=2.3956 expHit@10=6.9914 n=8265
  MED            qscale Hit@10=79.4676 FR@3=52.7381 Hit@3=63.5935 expHit@10=79.4676 n=8265
  [RAND_20260916-FULL/sym] hit10=+0.16[-0.59,+0.92]; fr3=+0.40[-0.07,+0.96]
  [RAND_20260916-FULL/qscale] hit10=-1.23[-2.37,-0.10]; fr3=-2.60[-4.08,-1.13]
  [RAND_20260917-FULL/sym] hit10=-0.16[-0.83,+0.54]; fr3=+0.40[+0.02,+0.81]
  [RAND_20260917-FULL/qscale] hit10=-0.52[-1.47,+0.41]; fr3=-2.61[-3.80,-1.38]
  [RAND_20260918-FULL/sym] hit10=-0.08[-0.97,+0.89]; fr3=+0.39[-0.04,+0.88]
  [RAND_20260918-FULL/qscale] hit10=-1.14[-2.34,-0.02]; fr3=-1.51[-2.90,-0.12]
  [MED-FULL/sym] hit10=+0.23[-0.16,+0.60]; fr3=+0.13[-0.01,+0.27]
  [MED-FULL/qscale] hit10=-0.53[-0.92,-0.16]; fr3=-0.50[-0.85,-0.15]
  [ITQ_C-FULL/sym] hit10=-0.48[-1.40,+0.50]; fr3=+0.29[-0.15,+0.77]
  [ITQ_C-FULL/qscale] hit10=-1.09[-2.27,+0.05]; fr3=-2.61[-4.10,-1.10]
  [ITQ_C-RAND_20260916/sym] hit10=-0.64[-1.19,-0.09]; fr3=-0.11[-0.33,+0.13]
  [ITQ_C-RAND_20260916/qscale] hit10=+0.15[-0.74,+1.00]; fr3=-0.01[-0.77,+0.73]
  [ITQ_C-RAND_20260917/sym] hit10=-0.33[-1.01,+0.35]; fr3=-0.11[-0.34,+0.14]
  [ITQ_C-RAND_20260917/qscale] hit10=-0.57[-1.28,+0.18]; fr3=+0.00[-0.92,+0.96]
  [ITQ_C-RAND_20260918/sym] hit10=-0.40[-0.91,+0.09]; fr3=-0.10[-0.32,+0.13]
  [ITQ_C-RAND_20260918/qscale] hit10=+0.05[-0.65,+0.70]; fr3=-1.09[-2.01,-0.16]
[done] total 259.8s
