sorgu: 470 | kollar: sign96, BM25 | jev-1.13.0
  hazirlik 100/470 (5s)
  hazirlik 200/470 (10s)
  hazirlik 300/470 (14s)
  hazirlik 400/470 (18s)
model cagrisi: 9400
  500/9400 (43s)
  1000/9400 (64s)
  1500/9400 (85s)
  2000/9400 (106s)
  2500/9400 (127s)
  3000/9400 (148s)
  3500/9400 (171s)
  4000/9400 (194s)
  4500/9400 (217s)
  5000/9400 (239s)
  5500/9400 (260s)
  6000/9400 (282s)
  6500/9400 (305s)
  7000/9400 (328s)
  7500/9400 (350s)
  8000/9400 (373s)
  8500/9400 (395s)
  9000/9400 (416s)

             tavan   Hit@1    FR@3
sign96       86.38   66.60   70.37
BM25         87.87   68.51   72.48

Delta FR@3  = -2.103 pp  CI95 [-4.968, +0.702]  AYIRT EDILEMEZ
Delta Hit@1 = -1.915 pp  CI95 [-5.532, +1.702]  AYIRT EDILEMEZ

token 4,904,506 | kol basina sorgu 5218 | hata 0 | 443.0s
